// Jest Snapshot v1, https://goo.gl/fbAQLP

exports[`<Button /> component renders the button component correctly 1`] = `
<DocumentFragment>
  <button
    class="button button--medium button--primary"
    type="button"
  >
    Perfect Button
  </button>
</DocumentFragment>
`;
